// Jest Snapshot v1, https://goo.gl/fbAQLP

exports[`<Product /> Product will render without crashing 1`] = `ShallowWrapper {}`;
