// Jest Snapshot v1, https://goo.gl/fbAQLP

exports[`tests SignupForm it should render without rashing 1`] = `ShallowWrapper {}`;
